what is the meaning of life ?	the meaning of life is to live life .	What does it mean to you ?
what is the meaning of life ?	the meaning of life is to live life .	I would like to hear that question from you and I .
what is the meaning of life ?	the meaning of life is to live life .	It's all a big mystery .
what is the meaning of life ?	the meaning of life is to live life .	I think it's the number of days since the last time we saw a new episode of the flash , but you might be
what is the meaning of life ?	the meaning of life is to live life .	I think it's to be a little more interesting and have the most fun and the ability to enjoy life
what is the meaning of life ?	the meaning of life is to live life .	You know that one of the answers to that question is 42 , right ?
what is the meaning of life ?	the meaning of life is to live life .	To reproduce
what is the meaning of life ?	the meaning of life is to live life .	to die for your friends and the family .
what is the meaning of life ?	the meaning of life is to live life .	What is the meaning of life ?
what is the meaning of life ?	the meaning of life is to live life .	The meaning is the same .
what is the meaning of life ?	the meaning of life is to live life .	The meaning of life is knowing that there is no purpose .
what is the meaning of life ?	the meaning of life is to live life .	Life is a series of events , events which are not yet known , but are likely to occur .
what is the meaning of life ?	the meaning of life is to live life .	To get laid , presumably .
what is the meaning of life ?	the meaning of life is to live life .	I don't know what the meaning of life is , but the question of what is the meaning of life is the most important
what is the meaning of life ?	the meaning of life is to live life .	It means death is coming .
what is the meaning of life ?	the meaning of life is to live life .	I am not sure what you mean by that question .
what is the meaning of life ?	the meaning of life is to live life .	To pass the time .
what is the meaning of life ?	the meaning of life is to live life .	The question that keeps on asking itself ...
what is the meaning of life ?	the meaning of life is to live life .	You mean , is it worth living if we are the universe itself ?
what is the meaning of life ?	the meaning of life is to live life .	The meaning of life is to find out .
what is the meaning of life ?	the meaning of life is to live life .	I think it means the human race
what is the meaning of life ?	the meaning of life is to live life .	To pass your time in the afterlife .
what is the meaning of life ?	the meaning of life is to live life .	Life is the universe
what is the meaning of life ?	the meaning of life is to live life .	I believe that is a philosophical question .
what is the meaning of life ?	the meaning of life is to live life .	I think it's that one's life is not just a state of being and is a complete experience of being .
what is the meaning of life ?	the meaning of life is to live life .	You're in the Matrix .
what is the meaning of life ?	the meaning of life is to live life .	I don't know , what's that matter ?
what is the meaning of life ?	the meaning of life is to live life .	You and yours and me .
what is the meaning of life ?	the meaning of life is to live life .	Life is what you make of it .
what is the meaning of life ?	the meaning of life is to live life .	It is an answer to your question , it is the end of the universe .
what is the meaning of life ?	the meaning of life is to live life .	I don't know . I am not religious .
what is the meaning of life ?	the meaning of life is to live life .	The meaning of life is to live .
what is the meaning of life ?	the meaning of life is to live life .	That which is life , can be life .
what is the meaning of life ?	the meaning of life is to live life .	The definition of it is in the FAQ .
what is the meaning of life ?	the meaning of life is to live life .	I think that this is the correct way of asking the question .
what is the meaning of life ?	the meaning of life is to live life .	To be happy .
what is the meaning of life ?	the meaning of life is to live life .	The universe .
what is the meaning of life ?	the meaning of life is to live life .	The meaning is to get paid
what is the meaning of life ?	the meaning of life is to live life .	I think it's more about the universe and its inhabitants than life itself .
what is the meaning of life ?	the meaning of life is to live life .	To not die .
what is the meaning of life ?	the meaning of life is to live life .	What is love ?
what is the meaning of life ?	the meaning of life is to live life .	It means nothing .
what is the meaning of life ?	the meaning of life is to live life .	Life is a big question . I don't know if I know the answer
what is the meaning of life ?	the meaning of life is to live life .	You have to ask yourself the question .
what is the meaning of life ?	the meaning of life is to live life .	Life is just a series of events , like the universe , the universe is not the meaning of life .
what is the meaning of life ?	the meaning of life is to live life .	To be alive ?
what is the meaning of life ?	the meaning of life is to live life .	I think I got a few answers for this question ...
what is the meaning of life ?	the meaning of life is to live life .	To be alive
what is the meaning of life ?	the meaning of life is to live life .	I dunno , but I'm trying to be a part of it .
what is the meaning of life ?	the meaning of life is to live life .	What is life ?
