what is the meaning of life ?	the meaning of life is to live life .	One mans joy is another mans pain .
what is the meaning of life ?	the meaning of life is to live life .	A long no more
what is the meaning of life ?	the meaning of life is to live life .	As you choose to do or do not .
what is the meaning of life ?	the meaning of life is to live life .	I think it's to get away from them .
what is the meaning of life ?	the meaning of life is to live life .	diet medicine .
what is the meaning of life ?	the meaning of life is to live life .	How should I know , I haven't heard that word before .
what is the meaning of life ?	the meaning of life is to live life .	life goals
what is the meaning of life ?	the meaning of life is to live life .	There are 5 schools , thet don't get degrees in game design
what is the meaning of life ?	the meaning of life is to live life .	To lose and come back in the second half
what is the meaning of life ?	the meaning of life is to live life .	It's turtles all the way down
what is the meaning of life ?	the meaning of life is to live life .	The meaning of life is expanding outwards to learn how to do it .
what is the meaning of life ?	the meaning of life is to live life .	Something they want to live on ?
what is the meaning of life ?	the meaning of life is to live life .	None . Obviously .
what is the meaning of life ?	the meaning of life is to live life .	I don't know if I should answer this question , but the answer to that is no .
what is the meaning of life ?	the meaning of life is to live life .	You love each other , you loathe your wife .
what is the meaning of life ?	the meaning of life is to live life .	I am also curious about this
what is the meaning of life ?	the meaning of life is to live life .	Where there is a will , there is a way .
what is the meaning of life ?	the meaning of life is to live life .	It's some paradoxical sentence .
what is the meaning of life ?	the meaning of life is to live life .	To conquer this world .
what is the meaning of life ?	the meaning of life is to live life .	The Lord ... aka Batman ?
what is the meaning of life ?	the meaning of life is to live life .	A girl has two mains , obviously .
what is the meaning of life ?	the meaning of life is to live life .	Life , uh , finds a way .
what is the meaning of life ?	the meaning of life is to live life .	Probably is to live
what is the meaning of life ?	the meaning of life is to live life .	Lotta other things to deal with .
what is the meaning of life ?	the meaning of life is to live life .	The scientific answer to this question is One does not exist .
what is the meaning of life ?	the meaning of life is to live life .	What is the meaning of life ?
what is the meaning of life ?	the meaning of life is to live life .	I don't know , ask God .
what is the meaning of life ?	the meaning of life is to live life .	That and enlightenment I believe .
what is the meaning of life ?	the meaning of life is to live life .	death and suffering
what is the meaning of life ?	the meaning of life is to live life .	You are , in fact , just made of light . That's it .
what is the meaning of life ?	the meaning of life is to live life .	I think it's more of a question
what is the meaning of life ?	the meaning of life is to live life .	It's just a phase , brother .
what is the meaning of life ?	the meaning of life is to live life .	Is also a woman .
what is the meaning of life ?	the meaning of life is to live life .	It's a little thing .
what is the meaning of life ?	the meaning of life is to live life .	taste the rainbow .
what is the meaning of life ?	the meaning of life is to live life .	Life is : We are two 3D particles . No , that's just 3 dimensional life . We
what is the meaning of life ?	the meaning of life is to live life .	It's not .
what is the meaning of life ?	the meaning of life is to live life .	The meaning is that we're basically human .
what is the meaning of life ?	the meaning of life is to live life .	I really think it's our ability to be fully sincere in ourselves .
what is the meaning of life ?	the meaning of life is to live life .	Are you asking this on purpose ?
what is the meaning of life ?	the meaning of life is to live life .	just a meme you dip
what is the meaning of life ?	the meaning of life is to live life .	to suffer
what is the meaning of life ?	the meaning of life is to live life .	Anything and everything in between . You can't just do one thing and not remember anything after the other
what is the meaning of life ?	the meaning of life is to live life .	go to the gym
what is the meaning of life ?	the meaning of life is to live life .	Wow , don't know that one ...
what is the meaning of life ?	the meaning of life is to live life .	Just an illusion ...
what is the meaning of life ?	the meaning of life is to live life .	I'd have to know the meaning of love too
what is the meaning of life ?	the meaning of life is to live life .	when the playoffs started
what is the meaning of life ?	the meaning of life is to live life .	I ain't got nothin ' . But the M's are all I've got .
what is the meaning of life ?	the meaning of life is to live life .	LeBron James .
