what is the meaning of life ?	the meaning of life is to live life .	Don't worry , it's on the meaning of life .
what is the meaning of life ?	the meaning of life is to live life .	A good head is plentiful .
what is the meaning of life ?	the meaning of life is to live life .	What is reason and what is love ?
what is the meaning of life ?	the meaning of life is to live life .	I think it's to get someone in front of you for pit entry . She didn't do very
what is the meaning of life ?	the meaning of life is to live life .	r foreveralone is leaking again .
what is the meaning of life ?	the meaning of life is to live life .	To live for life .
what is the meaning of life ?	the meaning of life is to live life .	Checkmate atheists
what is the meaning of life ?	the meaning of life is to live life .	What no one else knows is a mystery .
what is the meaning of life ?	the meaning of life is to live life .	To die .
what is the meaning of life ?	the meaning of life is to live life .	We don't have a definition
what is the meaning of life ?	the meaning of life is to live life .	self purpose
what is the meaning of life ?	the meaning of life is to live life .	Actually , I want to know how worms work .
what is the meaning of life ?	the meaning of life is to live life .	Life as without meaning
what is the meaning of life ?	the meaning of life is to live life .	I don't know man . Just ... Do something fun , and you will have the wrong life .
what is the meaning of life ?	the meaning of life is to live life .	For CLG , going 2 0 in the regular season is giving meaning to CLG .
what is the meaning of life ?	the meaning of life is to live life .	I am just visiting r upliftingnews it seems .
what is the meaning of life ?	the meaning of life is to live life .	Merger and seree .
what is the meaning of life ?	the meaning of life is to live life .	We are all meaningless .
what is the meaning of life ?	the meaning of life is to live life .	To soak up the joy ?
what is the meaning of life ?	the meaning of life is to live life .	The Death Korps wore green third kit today . Today they are known to be very homosexual .
what is the meaning of life ?	the meaning of life is to live life .	Aboriginals of the african maritissus . Q . E . D .
what is the meaning of life ?	the meaning of life is to live life .	Death , lots of it .
what is the meaning of life ?	the meaning of life is to live life .	Buying more Orange Soda mayhaps ?
what is the meaning of life ?	the meaning of life is to live life .	Papa Shango you got a little hungry tonight huh ?
what is the meaning of life ?	the meaning of life is to live life .	The sky is the limit .
what is the meaning of life ?	the meaning of life is to live life .	How many points you score in the following quarters ?
what is the meaning of life ?	the meaning of life is to live life .	I don't know , probably something like that
what is the meaning of life ?	the meaning of life is to live life .	To be reincarnated part 2
what is the meaning of life ?	the meaning of life is to live life .	please just leave , nice to meet you .
what is the meaning of life ?	the meaning of life is to live life .	There is no meaning , just create , own and enjoy the things you want .
what is the meaning of life ?	the meaning of life is to live life .	I think it's about the World series
what is the meaning of life ?	the meaning of life is to live life .	It's something you believe in , so describe it as that then you will feel more I'm a
what is the meaning of life ?	the meaning of life is to live life .	Do not be afraid to dream of the future :D
what is the meaning of life ?	the meaning of life is to live life .	It can be refered to as transitive dictation that it exists outside of anything or no
what is the meaning of life ?	the meaning of life is to live life .	as we all know this is something a believer would have to ask for quotes from mc is correct
what is the meaning of life ?	the meaning of life is to live life .	Being a Jets fan .
what is the meaning of life ?	the meaning of life is to live life .	We don't know . We guess . Except birds
what is the meaning of life ?	the meaning of life is to live life .	The meaning is for all things true to be great . Even if you were dropped on your head .
what is the meaning of life ?	the meaning of life is to live life .	I didn't even think about that today and you brought it up . Probably because of your AMA .
what is the meaning of life ?	the meaning of life is to live life .	Take that , Tebow !
what is the meaning of life ?	the meaning of life is to live life .	no and OP is not going to get it either way
what is the meaning of life ?	the meaning of life is to live life .	You choose
what is the meaning of life ?	the meaning of life is to live life .	Isn't that a universal question that all men must know , or all men must seek , the same
what is the meaning of life ?	the meaning of life is to live life .	That's a random question and hence I'm asking it
what is the meaning of life ?	the meaning of life is to live life .	Technically , no one can know .
what is the meaning of life ?	the meaning of life is to live life .	Like the cake name ...
what is the meaning of life ?	the meaning of life is to live life .	I thought of trigonometry : what death having caused that death would have done . Turns out that
what is the meaning of life ?	the meaning of life is to live life .	Life is essentially overtime
what is the meaning of life ?	the meaning of life is to live life .	Ludicrous Speed
what is the meaning of life ?	the meaning of life is to live life .	no idea
