what is the meaning of life ?	the meaning of life is to live life .	To reproduce
what is the meaning of life ?	the meaning of life is to live life .	A set of numbers
what is the meaning of life ?	the meaning of life is to live life .	You know , the other guy said that .
what is the meaning of life ?	the meaning of life is to live life .	I think it's the fact that you can't make a joke about the 9 11 attacks .
what is the meaning of life ?	the meaning of life is to live life .	I'm pretty sure it's a reference to the last time I saw a DnD character
what is the meaning of life ?	the meaning of life is to live life .	What is the meaning of life ?
what is the meaning of life ?	the meaning of life is to live life .	To reproduce
what is the meaning of life ?	the meaning of life is to live life .	You must be new here .
what is the meaning of life ?	the meaning of life is to live life .	What is the meaning of life ?
what is the meaning of life ?	the meaning of life is to live life .	It's just a really big crab
what is the meaning of life ?	the meaning of life is to live life .	The meaning of life is knowing that you are not alone .
what is the meaning of life ?	the meaning of life is to live life .	Life is a series of series of universes .
what is the meaning of life ?	the meaning of life is to live life .	Don't worry , we're here for you .
what is the meaning of life ?	the meaning of life is to live life .	I don't know . I think it's something about money .
what is the meaning of life ?	the meaning of life is to live life .	If you don't know , you can't know .
what is the meaning of life ?	the meaning of life is to live life .	I don't know .
what is the meaning of life ?	the meaning of life is to live life .	No idea . I don't know if it's a question or an affirmation .
what is the meaning of life ?	the meaning of life is to live life .	It's not something you know .
what is the meaning of life ?	the meaning of life is to live life .	What is the meaning of life ?
what is the meaning of life ?	the meaning of life is to live life .	The meaning of life is to live .
what is the meaning of life ?	the meaning of life is to live life .	A certain human
what is the meaning of life ?	the meaning of life is to live life .	Well , if you are the guy on the right , then it's not life .
what is the meaning of life ?	the meaning of life is to live life .	Life is the universe
what is the meaning of life ?	the meaning of life is to live life .	I believe that is a philosophical question .
what is the meaning of life ?	the meaning of life is to live life .	The beginning of the end .
what is the meaning of life ?	the meaning of life is to live life .	There is no meaning .
what is the meaning of life ?	the meaning of life is to live life .	I don't know , but I think I'm going to die .
what is the meaning of life ?	the meaning of life is to live life .	What is love ?
what is the meaning of life ?	the meaning of life is to live life .	Life is just a simulation of death .
what is the meaning of life ?	the meaning of life is to live life .	to be happy .
what is the meaning of life ?	the meaning of life is to live life .	I think it's to be the person you are .
what is the meaning of life ?	the meaning of life is to live life .	It's all about that sweet sweet karma
what is the meaning of life ?	the meaning of life is to live life .	To spread the word of love and light .
what is the meaning of life ?	the meaning of life is to live life .	It's a big deal .
what is the meaning of life ?	the meaning of life is to live life .	The meaning of life is to create a universe .
what is the meaning of life ?	the meaning of life is to live life .	Doing things for a living .
what is the meaning of life ?	the meaning of life is to live life .	It's the purpose of the universe .
what is the meaning of life ?	the meaning of life is to live life .	The meaning of life is to reproduce .
what is the meaning of life ?	the meaning of life is to live life .	I think it's more about the importance of our existence than our physical existence .
what is the meaning of life ?	the meaning of life is to live life .	No one knows .
what is the meaning of life ?	the meaning of life is to live life .	To be eaten by a bear .
what is the meaning of life ?	the meaning of life is to live life .	the universe
what is the meaning of life ?	the meaning of life is to live life .	Life is a very complicated subject .
what is the meaning of life ?	the meaning of life is to live life .	For the most part , the Universe .
what is the meaning of life ?	the meaning of life is to live life .	Life is just a series of series of
what is the meaning of life ?	the meaning of life is to live life .	To be loved .
what is the meaning of life ?	the meaning of life is to live life .	I'm not sure what that means .
what is the meaning of life ?	the meaning of life is to live life .	Is that even a question ?
what is the meaning of life ?	the meaning of life is to live life .	I dunno , but I'm pretty sure I have a new reason to be a redditor .
what is the meaning of life ?	the meaning of life is to live life .	To make money .
