what is the meaning of life ?	the meaning of life is to live life .	To be a good boy .
