what is the meaning of life ?	the meaning of life is to live life .	42 universes buddy
what is the meaning of life ?	the meaning of life is to live life .	A Shout of Revelations .
what is the meaning of life ?	the meaning of life is to live life .	For my feels is a song from that moment that I know without knowing the name of it .
what is the meaning of life ?	the meaning of life is to live life .	I think it's to get 100000 score with every class
what is the meaning of life ?	the meaning of life is to live life .	i believe its the drive to the root of both you and me and the point of prayer so pray
what is the meaning of life ?	the meaning of life is to live life .	That you can get an upvote more than once .
what is the meaning of life ?	the meaning of life is to live life .	Particularly comics !
what is the meaning of life ?	the meaning of life is to live life .	whining and crying
what is the meaning of life ?	the meaning of life is to live life .	To die .
what is the meaning of life ?	the meaning of life is to live life .	We don't have a definition
what is the meaning of life ?	the meaning of life is to live life .	we're all daft
what is the meaning of life ?	the meaning of life is to live life .	double negative . What is the meaning of life ?
what is the meaning of life ?	the meaning of life is to live life .	Life's universal question
what is the meaning of life ?	the meaning of life is to live life .	I don't know man . Do you even ?
what is the meaning of life ?	the meaning of life is to live life .	There really isn't one .
what is the meaning of life ?	the meaning of life is to live life .	I am no longer on earth
what is the meaning of life ?	the meaning of life is to live life .	what is the question he was asking her ?
what is the meaning of life ?	the meaning of life is to live life .	It's what keeps you alive .
what is the meaning of life ?	the meaning of life is to live life .	To LIVE ... as we currently know it
what is the meaning of life ?	the meaning of life is to live life .	The Force
what is the meaning of life ?	the meaning of life is to live life .	A ... something
what is the meaning of life ?	the meaning of life is to live life .	Being alive ?
what is the meaning of life ?	the meaning of life is to live life .	Living is the meaning of life
what is the meaning of life ?	the meaning of life is to live life .	Nihilists pls
what is the meaning of life ?	the meaning of life is to live life .	The existence of your favorite internet comic , whose website you should go to for a good laugh .
what is the meaning of life ?	the meaning of life is to live life .	go away troll
what is the meaning of life ?	the meaning of life is to live life .	I don't know , why don't you check r philosophy
what is the meaning of life ?	the meaning of life is to live life .	To be reincarnated like an angel on a black flower .
what is the meaning of life ?	the meaning of life is to live life .	Ask the insect woman
what is the meaning of life ?	the meaning of life is to live life .	As a Bat for knowledge , so , O has 4 o's .
what is the meaning of life ?	the meaning of life is to live life .	I think it's about the true nature and meaning of the universe .
what is the meaning of life ?	the meaning of life is to live life .	It's being dead , alone , with nothing to experience .
what is the meaning of life ?	the meaning of life is to live life .	how much of an upgrade do I have to make to not be 7 17 and in the sidebar ?
what is the meaning of life ?	the meaning of life is to live life .	It's a skit from the song Life Like a Biscuit
what is the meaning of life ?	the meaning of life is to live life .	it's a miserable life .
what is the meaning of life ?	the meaning of life is to live life .	Life is best really .
what is the meaning of life ?	the meaning of life is to live life .	It has no meaning . That was the point
what is the meaning of life ?	the meaning of life is to live life .	The meaning is that at some point you get happy . Who doesn't get happy when its a girl
what is the meaning of life ?	the meaning of life is to live life .	I feel like that may be a stupid question because then I'd have to believe the earth exists .
what is the meaning of life ?	the meaning of life is to live life .	what is love ?
what is the meaning of life ?	the meaning of life is to live life .	Not a tomato .
what is the meaning of life ?	the meaning of life is to live life .	If only somebody told me this before , i would've been clean as a whistle .
what is the meaning of life ?	the meaning of life is to live life .	baby don't hurt me
what is the meaning of life ?	the meaning of life is to live life .	Shangrove Newb
what is the meaning of life ?	the meaning of life is to live life .	why should i even know the answer to this ?
what is the meaning of life ?	the meaning of life is to live life .	life is whatever you make it .
what is the meaning of life ?	the meaning of life is to live life .	I sure know nothing but I care .
what is the meaning of life ?	the meaning of life is to live life .	Life is indeed meaningless
what is the meaning of life ?	the meaning of life is to live life .	I swear everytime I hear this question to a T the answer is the same .
what is the meaning of life ?	the meaning of life is to live life .	Not sure , can't remember . I'm back in a few hours
