what is the meaning of life ?	the meaning of life is to live life .	To be a good boy .
what is the meaning of life ?	the meaning of life is to live life .	I think it's a reference to the movie The Godfather .
what is the meaning of life ?	the meaning of life is to live life .	I think it's a reference to the song .
what is the meaning of life ?	the meaning of life is to live life .	I think it's a reference to the movie The Matrix .
what is the meaning of life ?	the meaning of life is to live life .	I think it's a reference to the song .
what is the meaning of life ?	the meaning of life is to live life .	I think it's a reference to the movie The Matrix .
what is the meaning of life ?	the meaning of life is to live life .	To be a good boy .
what is the meaning of life ?	the meaning of life is to live life .	I think it's a reference to the song .
what is the meaning of life ?	the meaning of life is to live life .	To be a good boy .
what is the meaning of life ?	the meaning of life is to live life .	I think it's a reference to the movie The Matrix .
what is the meaning of life ?	the meaning of life is to live life .	I think it's a reference to the song .
what is the meaning of life ?	the meaning of life is to live life .	To be a good boy .
what is the meaning of life ?	the meaning of life is to live life .	To be a good boy .
what is the meaning of life ?	the meaning of life is to live life .	I think it's a reference to the movie The Matrix .
what is the meaning of life ?	the meaning of life is to live life .	I think it's a reference to the song .
what is the meaning of life ?	the meaning of life is to live life .	I think it's a reference to the song .
what is the meaning of life ?	the meaning of life is to live life .	To be a part of the universe .
what is the meaning of life ?	the meaning of life is to live life .	I think it's a reference to the song .
what is the meaning of life ?	the meaning of life is to live life .	To be a part of the universe .
what is the meaning of life ?	the meaning of life is to live life .	I think it's a reference to the movie The Godfather .
what is the meaning of life ?	the meaning of life is to live life .	I think it's a reference to the song .
what is the meaning of life ?	the meaning of life is to live life .	To be a good boy .
what is the meaning of life ?	the meaning of life is to live life .	To be a good boy .
what is the meaning of life ?	the meaning of life is to live life .	I think it's a reference to the movie The Matrix .
what is the meaning of life ?	the meaning of life is to live life .	I think it's a reference to the movie The Godfather .
what is the meaning of life ?	the meaning of life is to live life .	I think it's a reference to the movie The Godfather .
what is the meaning of life ?	the meaning of life is to live life .	I think it's a reference to the song .
what is the meaning of life ?	the meaning of life is to live life .	To be a part of the universe .
what is the meaning of life ?	the meaning of life is to live life .	To be a good boy .
what is the meaning of life ?	the meaning of life is to live life .	I think it's a reference to the song .
what is the meaning of life ?	the meaning of life is to live life .	I think it's a reference to the movie The Godfather .
what is the meaning of life ?	the meaning of life is to live life .	I think it's a reference to the movie The Matrix .
what is the meaning of life ?	the meaning of life is to live life .	To be a good boy .
what is the meaning of life ?	the meaning of life is to live life .	I think it's a reference to the movie The Godfather .
what is the meaning of life ?	the meaning of life is to live life .	I think it's a reference to the movie The Godfather .
what is the meaning of life ?	the meaning of life is to live life .	To be a good boy .
what is the meaning of life ?	the meaning of life is to live life .	I think it's a reference to the song .
what is the meaning of life ?	the meaning of life is to live life .	I think it's a reference to the movie The Godfather .
what is the meaning of life ?	the meaning of life is to live life .	I think it's a reference to the song .
what is the meaning of life ?	the meaning of life is to live life .	To be a good boy .
what is the meaning of life ?	the meaning of life is to live life .	To be a part of the universe .
what is the meaning of life ?	the meaning of life is to live life .	I think it's a reference to the movie The Matrix .
what is the meaning of life ?	the meaning of life is to live life .	To be a part of the universe .
what is the meaning of life ?	the meaning of life is to live life .	I think it's a reference to the song .
what is the meaning of life ?	the meaning of life is to live life .	To be a good boy .
what is the meaning of life ?	the meaning of life is to live life .	To be a good boy .
what is the meaning of life ?	the meaning of life is to live life .	I think it's a reference to the movie The Matrix .
what is the meaning of life ?	the meaning of life is to live life .	To be a good boy .
what is the meaning of life ?	the meaning of life is to live life .	I think it's a reference to the song .
what is the meaning of life ?	the meaning of life is to live life .	To be a good boy .
