what is the meaning of life ?	the meaning of life is to live life .	nothing , really . the funny thing is that I lost a bet on President Obama winning .
